2026-09-24 00:31:24.433 | info     |          Device | Opening user mode device driver (tt_cluster.cpp:228)
2026-09-24 00:31:24.433 | info     |             UMD | Cluster constructor started. (cluster.cpp:378)
2026-09-24 00:31:24.433 | info     |             UMD | Creating TopologyDiscovery for architecture: blackhole (topology_discovery.cpp:95)
2026-09-24 00:31:24.433 | info     |             UMD | Starting topology discovery. (topology_discovery.cpp:114)
2026-09-24 00:31:24.437 | info     |             UMD | Established firmware bundle version: 19.13.1 (topology_discovery.cpp:574)
2026-09-24 00:31:24.437 | info     |             UMD | Completed topology discovery. (topology_discovery.cpp:118)
2026-09-24 00:31:24.437 | warning  |             UMD | Board 0x4613193403b has 1 chips, but expected 2 chips for board type p300. (cluster_descriptor.cpp:1232)
2026-09-24 00:31:24.458 | info     |             UMD | Opening local chip ids/PCIe ids: {0}/[0] and remote chip ids {} (cluster.cpp:162)
2026-09-24 00:31:24.458 | info     |             UMD | IOMMU: enabled (cluster.cpp:142)
2026-09-24 00:31:24.458 | info     |             UMD | KMD version: 2.10.0 (cluster.cpp:145)
2026-09-24 00:31:24.458 | info     |             UMD | Cluster constructor completed. (cluster.cpp:574)
2026-09-24 00:31:24.458 | warning  |          Device | Using CUSTOM cluster type for P300 board with 1 chips (tt_cluster.cpp:202)
2026-09-24 00:31:24.458 | info     |             UMD | Starting devices in cluster (cluster.cpp:1092)
2026-09-24 00:31:24.459 | info     |             UMD | Starting devices in cluster completed. (cluster.cpp:1100)
2026-09-24 00:31:24.483 | info     |     Distributed | Using custom mesh graph descriptor: /tmp/libtt-profile/tp1.textproto (metal_env.cpp:433)
2026-09-24 00:31:24.484 | warning  |          Always | Unknown motherboard 'B850M-C' for chip_id=0 (bus_id=0x1) — falling back to bus_id as tray_id. Add this motherboard and its bus IDs to mobo_to_bus_ids in physical_system_discovery.cpp. (physical_system_discovery.cpp:106)
2026-09-24 00:31:24.484 | info     |          Fabric | Logical multi-mesh adjacency: intermesh degree histogram {0:1}; intra-mesh degree histograms mesh0 {0:1} (topology_mapper_utils.cpp:2400)
2026-09-24 00:31:24.484 | info     |          Fabric | Physical multi-mesh adjacency: intermesh degree histogram {0:1}; intra-mesh degree histograms mesh0 {0:1} (topology_mapper_utils.cpp:2408)
2026-09-24 00:31:25.128 | info     |           Metal | [Real-time profiler] Device 0 sync complete: 100 samples, frequency=1.349908 GHz, device_time_at_sync=4027980931741 cycles (realtime_profiler_manager.cpp:1390)
2026-09-24 00:31:25.138 | info     |           Metal | Enabling program cache on MeshDevice 1 (mesh_device.cpp:1081)
DRAM_BANKS 8
DRAM_RESULT 6144 4096 2 147.428
DRAM_RESULT 6144 4096 4 115.884
DRAM_RESULT 6144 4096 8 99.3193
2026-09-24 00:31:26.671 | info     |    BuildKernels | JIT cache stats: 23/38 hits (60.5%) [23 cached, 9 build-once dedup, 0 merged artifacts, 0 merged genfiles] (build_cache_telemetry.cpp:197)
2026-09-24 00:31:26.671 | info     |    BuildKernels | JIT telemetry: 3 registered TelemetryTokens (build_cache_telemetry.cpp:230)
2026-09-24 00:31:26.674 | info     |          Device | Closing user mode device drivers (tt_cluster.cpp:513)
2026-09-24 00:31:26.674 | info     |             UMD | Closing devices in cluster (cluster.cpp:1105)
2026-09-24 00:31:26.801 | info     |             UMD | Closing devices in cluster completed. (cluster.cpp:1114)
2026-09-24 00:31:26.801 | info     |             UMD | Cluster destructor started. (cluster.cpp:808)
2026-09-24 00:31:26.801 | info     |             UMD | Cluster destructor completed. (cluster.cpp:811)
